// Jest Snapshot v1, https://goo.gl/fbAQLP

exports[`should render EditExpensePage 1`] = `
"<div>
  <ExpenseForm expense={[undefined]} onSubmit={[Function]} />
  <button onClick={[Function]}>
    Remove
  </button>
</div>"
`;
