// Jest Snapshot v1, https://goo.gl/fbAQLP

exports[`should render ExpenseListItem with data 1`] = `
"<div>
  <Link to=\\"/edit/1\\">
    <h3>
      Gum
    </h3>
  </Link>
  <p>
    $2.00
    -
    1st January 1970
  </p>
</div>"
`;
