// Jest Snapshot v1, https://goo.gl/fbAQLP

exports[`should render Header correctly 1`] = `
"<header>
  <h1>
    Expensify
  </h1>
  <NavLink to=\\"/\\" activeClassName=\\"is-active\\" exact={true}>
    Dashboard
  </NavLink>
  <NavLink to=\\"/create\\" activeClassName=\\"is-active\\">
    Create Page
  </NavLink>
  <NavLink to=\\"/help\\" activeClassName=\\"is-active\\">
    Help
  </NavLink>
</header>"
`;
